// 重构日志: 2953ad04
// 重构日志: 3af20b81
// 同步 ID: 6fa4b86d @ Fri Jul 24 16:02:55 UTC 2026
// 同步 ID: 6521d4d2 @ Fri Jul 24 19:54:35 UTC 2026
// 重构日志: c481e57a
// 同步 ID: dfaf1288 @ Sat Jul 25 16:20:02 UTC 2026
// 同步 ID: d7d4c164 @ Sun Jul 26 09:31:55 UTC 2026
// 同步 ID: 890abcc8 @ Sun Jul 26 14:13:24 UTC 2026
// 重构日志: d772c5b0
// 重构日志: b1117a63
// 重构日志: e4b9f095
// 重构日志: d663de7d
// 重构日志: 8e2a4439
// 重构日志: 8aa008dc
// 重构日志: f254efab
// 重构日志: a5fa2081
// 同步 ID: e6c101db @ Thu Jul 30 13:01:45 UTC 2026
// 同步 ID: 322ffc23 @ Thu Jul 30 15:34:08 UTC 2026
// 重构日志: ce3a546a
// 重构日志: e62e51c4
// 同步 ID: 4d1083ab @ Sat Aug  1 12:05:15 UTC 2026
// 同步 ID: 0f5ab484 @ Sat Aug  1 14:31:05 UTC 2026
// 重构日志: 40b964c5
// 重构日志: e2015581
// 同步 ID: aff0eb62 @ Sun Aug  2 07:33:48 UTC 2026
// 同步 ID: a586f045 @ Sun Aug  2 10:00:19 UTC 2026
// 重构日志: 8f484b06
// 同步 ID: e0c99d1f @ Mon Aug  3 04:18:27 UTC 2026
// 同步 ID: c56503aa @ Mon Aug  3 15:56:35 UTC 2026
// 同步 ID: 9b71acfe @ Mon Aug  3 21:58:50 UTC 2026
// 重构日志: 2721129d
// 重构日志: d104528f
